ACoordByOrg1.ps1
AwardType1.ps1
AwardType2.ps1
ConOffUsersByOrg1.ps1
Requirements1.ps1
VendorInfo_dne.ps1
fpds1.ps1
fpds10.ps1
fpds2.ps1
fpds3.ps1
fpds4.ps1
fpds5.ps1
fpds6.ps1
fpds7.ps1
fpds8.ps1
fpds9.ps1
run_ADUser.ps1
run_FORCEACOId.ps1
run_FORCEFMErr.ps1
run_OASEcorIdx.ps1
run_OASUser.ps1
entra_user1.ps1
vendorInfo1.ps1
vendorInfo2.ps1
vendorInfo3.ps1
vendorStat1.ps1
vendorStat2.ps1
naics1.ps1
naics2.ps1
naics3.ps1
naics4.ps1
naics2_dne.ps1
naics4_dne.ps1
org1.ps1
org2.ps1
org3.ps1
versions1.ps1
error_codes1.ps1
dist_lists1.ps1
review1.ps1
ooddoc1.ps1
ooddoc2.ps1
ood1.ps1
ood2.ps1
ood3.ps1
ood4.ps1
ood5.ps1
ood6.ps1
ood7.ps1
ood8.ps1
ood9.ps1
ood9a.ps1
ood9b.ps1
ood10.ps1
ood11.ps1
ood12.ps1
ood13.ps1
ood14.ps1
ood14a.ps1
ood14b.ps1
ood14c_put.ps1
ood14d_del.ps1
ood14e_post.ps1
ood14f_del.ps1
ood15.ps1
ecor11_post.ps1
ecor1.ps1
ecor2.ps1
ecor3.ps1
ecor4.ps1
ecor5.ps1
ecor6.ps1
ecor7.ps1
ecor8.ps1
ecor9_post.ps1
ecor10_del.ps1
ecor13_del.ps1
ecor14_del.ps1
ecor12_del.ps1
ecor15.ps1
system1.ps1
search1.ps1
search2.ps1
search3.ps1
req_history1.ps1
aams1.ps1
admin1.ps1
admin2.ps1
admin3.ps1
admin4.ps1
admin5.ps1
admin6.ps1
admin7.ps1
admin8.ps1
admin9.ps1
admin10.ps1
admin_sum1.ps1
admin_sum2.ps1
admin_sum3.ps1
admin_sum4.ps1
admin_sum5.ps1
admin_sum6.ps1
admin_sum7.ps1
ContractAward1.ps1
ContractAward2.ps1
ContractAward3.ps1
ContractAward4.ps1
ContractAward5.ps1
ContractAward6.ps1
ContractAward7.ps1
ContractAward8.ps1
ContractAward9.ps1
ContractAward10.ps1
ContractByProject1.ps1
ContractByProject2.ps1
ContractByProject3.ps1
ContractByProject4.ps1
ContractByProject5.ps1
lists1.ps1
lists2.ps1
lists3.ps1
lists4.ps1
lists4a.ps1
lists4b.ps1
lists5.ps1
lists5a.ps1
lists5b.ps1
lists6.ps1
lists6a.ps1
lists6b.ps1
oasecert1.ps1
oasecert2.ps1
oasecert3.ps1
oasecert4.ps1
oasstations1.ps1
oasstations2.ps1
oasstations3.ps1
oasstations4.ps1
oasstations5.ps1
oasstations6.ps1
oasstations7.ps1
oasstations8.ps1
oasreports1.ps1
oasreports2.ps1
oasreports3.ps1
oasreports4.ps1
oasorgs1.ps1
oasorgs2.ps1
oasorgs3.ps1
oasorgs4.ps1
oasorgs5.ps1
oasnotif1.ps1
oaslocat1.ps1
category_get.ps1
ContractAward11.ps1
ContractLI1.ps1
ContractLI2.ps1
IContractLCX1.ps1
IContractLCX2.ps1
IContractLCX3.ps1
reqsub1.ps1
reqsub2.ps1
reqsub3.ps1
reqsub4.ps1
reqsub5.ps1
plandoc1.ps1
reqfcos1.ps1
artifact1.ps1
artifact2.ps1
artifact3.ps1
oasstations9_post.ps1
oasstations10_del.ps1
oasstations11_put.ps1
oaslocat2_post.ps1
oaslocat2pt5_put.ps1
oaslocat3_del.ps1
oaslocat4_put.ps1
enum1_post.ps1
enum2_del.ps1
enum3.ps1
enum4.ps1
enum5_put.ps1
ecordoc1.ps1
versions2.ps1
ecorpref1.ps1
ecorpref2.ps1
ecorpref3_post.ps1
ecorpref4_put.ps1
system2_post.ps1
system3_del.ps1
ContractsByObligation1_get.ps1
ContractsByObligation_get_ObligationNumber2.ps1
ContractsByObligation_get_by_ObligationNumber.ps1
listUserType1.ps1
listUserType2.ps1
listUserType3.ps1
listUserType4.ps1
listYear1.ps1
listYear2.ps1
listYear3.ps1
listYesNoAnswer1.ps1
listYesNoAnswer2.ps1
lists7.ps1
lists7a.ps1
lists7b.ps1
lists8.ps1
lists8a.ps1
lists8b.ps1
lists9.ps1
lists9a.ps1
lists9b.ps1
listRoleType1.ps1
listRoleType2.ps1
listRoleType3.ps1
listRequire1.ps1
listRequire2.ps1
listRequire3.ps1
listRoleGroup1.ps1
listRoleGroup2.ps1
users1.ps1
users2.ps1
users3.ps1
